# Invalid inputs in StartNewGame command
Input error
Input error
Input error
Input error
Input error
Input error
Input error
Input error
Input error
Input error
Input error
Input error
Input error
Input error
Input error
Input error
Input error
Input error
Input error
Input error
Input error
Input error
Input error
Input error
Input error
Input error
Input error
Input error
Input error
Input error
Input error
Input error
Input error
Input error
Input error
Input error
