# Invalid inputs in MakeMove command
New game started
legal
Input error
Input error
Input error
Input error
Input error
Input error
Input error
Input error
Input error
New game started
legal
Input error
Input error
Input error
Input error
Input error
Input error
Input error
Input error
Input error
